// Jest Snapshot v1, https://goo.gl/fbAQLP

exports[`SignupForm component renders a form.SignupForm by default 1`] = `
<div
  className="wrapper"
>
  <Navbar />
  <form
    className="SignupForm"
    onSubmit={[Function]}
  >
    <header>
      <h1>
        Sign up to get started!
      </h1>
    </header>
    <div
      className="formSection"
    >
      <label
        htmlFor="SignupForm__uname"
        style={
          Object {
            "textAlign": "left",
          }
        }
      >
        Name
      </label>
      <input
        aria-label="Enter your name"
        id="SignupForm__name"
        name="name"
        placeholder="Enter your Name"
        required={true}
        type="text"
      />
    </div>
    <div
      className="formSection"
    >
      <label
        htmlFor="SignupForm__username"
        style={
          Object {
            "textAlign": "left",
          }
        }
      >
        Username
      </label>
      <input
        aria-label="Enter your username"
        id="SignupForm__username"
        name="username"
        placeholder="Enter your Username"
        required={true}
        type="text"
      />
    </div>
    <div
      className="formSection"
    >
      <label
        htmlFor="SignupForm__password"
        style={
          Object {
            "textAlign": "left",
          }
        }
      >
        Password
      </label>
      <input
        aria-label="Enter your password"
        id="SignupForm__password"
        name="password"
        placeholder="Enter your Password"
        required={true}
        type="password"
      />
    </div>
    <div
      className="formSection"
    >
      <label
        htmlFor="SignupForm__confirmPassword"
        style={
          Object {
            "textAlign": "left",
          }
        }
      >
        Confirm Password
      </label>
      <input
        aria-label="Confirm your password"
        id="SignupForm__confirmPassword"
        name="confirmPassword"
        placeholder="Confirm your Password"
        required={true}
        type="password"
      />
    </div>
    <div
      className="formSection"
    >
      <label
        htmlFor="SignupForm__email"
        style={
          Object {
            "textAlign": "left",
          }
        }
      >
        Email
      </label>
      <input
        aria-label="Enter your email"
        id="SignupForm__email"
        name="email"
        placeholder="Enter your email"
        required={true}
        type="email"
      />
    </div>
    <button
      aria-label="Register"
      className="btn"
      style={
        Object {
          "textAlign": "center",
        }
      }
      type="submit"
    >
      Register
    </button>
  </form>
  <section
    className="Requirements"
  >
    <p>
      Password must be at least 8 characters, contain no spaces, one upper case, lower case, number and special character
    </p>
  </section>
</div>
`;

exports[`SignupForm component renders the SignupForm given props 1`] = `
<div
  className="wrapper"
>
  <Navbar />
  <form
    className="SignupForm"
    onSubmit={[Function]}
  >
    <header>
      <h1>
        Sign up to get started!
      </h1>
    </header>
    <div
      className="formSection"
    >
      <label
        htmlFor="SignupForm__uname"
        style={
          Object {
            "textAlign": "left",
          }
        }
      >
        Name
      </label>
      <input
        aria-label="Enter your name"
        id="SignupForm__name"
        name="name"
        placeholder="Enter your Name"
        required={true}
        type="text"
      />
    </div>
    <div
      className="formSection"
    >
      <label
        htmlFor="SignupForm__username"
        style={
          Object {
            "textAlign": "left",
          }
        }
      >
        Username
      </label>
      <input
        aria-label="Enter your username"
        id="SignupForm__username"
        name="username"
        placeholder="Enter your Username"
        required={true}
        type="text"
      />
    </div>
    <div
      className="formSection"
    >
      <label
        htmlFor="SignupForm__password"
        style={
          Object {
            "textAlign": "left",
          }
        }
      >
        Password
      </label>
      <input
        aria-label="Enter your password"
        id="SignupForm__password"
        name="password"
        placeholder="Enter your Password"
        required={true}
        type="password"
      />
    </div>
    <div
      className="formSection"
    >
      <label
        htmlFor="SignupForm__confirmPassword"
        style={
          Object {
            "textAlign": "left",
          }
        }
      >
        Confirm Password
      </label>
      <input
        aria-label="Confirm your password"
        id="SignupForm__confirmPassword"
        name="confirmPassword"
        placeholder="Confirm your Password"
        required={true}
        type="password"
      />
    </div>
    <div
      className="formSection"
    >
      <label
        htmlFor="SignupForm__email"
        style={
          Object {
            "textAlign": "left",
          }
        }
      >
        Email
      </label>
      <input
        aria-label="Enter your email"
        id="SignupForm__email"
        name="email"
        placeholder="Enter your email"
        required={true}
        type="email"
      />
    </div>
    <button
      aria-label="Register"
      className="btn"
      style={
        Object {
          "textAlign": "center",
        }
      }
      type="submit"
    >
      Register
    </button>
  </form>
  <section
    className="Requirements"
  >
    <p>
      Password must be at least 8 characters, contain no spaces, one upper case, lower case, number and special character
    </p>
  </section>
</div>
`;
